TAP version 13
# Subtest: all eleven simulation-pass leaves have distinct, operation-bound schemas and typed output shape
ok 1 - all eleven simulation-pass leaves have distinct, operation-bound schemas and typed output shape
  ---
  duration_ms: 1533.496334
  type: 'test'
  ...
# Subtest: all eighteen edit leaves constrain operation kind, preservation, versions, outputs and cross-field identity
ok 2 - all eighteen edit leaves constrain operation kind, preservation, versions, outputs and cross-field identity
  ---
  duration_ms: 13447.953511
  type: 'test'
  ...
# Subtest: every declared NFR has one complete owner measurement method without implying observation or acceptance
ok 3 - every declared NFR has one complete owner measurement method without implying observation or acceptance
  ---
  duration_ms: 14666.58725
  type: 'test'
  ...
# Subtest: performance method binds all six proposed budgets while preserving unnamed environments as a gate
ok 4 - performance method binds all six proposed budgets while preserving unnamed environments as a gate
  ---
  duration_ms: 1.736149
  type: 'test'
  ...
# Subtest: missing method material and attempted qualification promotion fail validation
ok 5 - missing method material and attempted qualification promotion fail validation
  ---
  duration_ms: 10.430656
  type: 'test'
  ...
# Subtest: SLO and human/specialist methods remain gated on their real external evidence
ok 6 - SLO and human/specialist methods remain gated on their real external evidence
  ---
  duration_ms: 0.313859
  type: 'test'
  ...
# Subtest: trustworthy-output applicability follows output-producer role and preserves incomplete candidates
ok 7 - trustworthy-output applicability follows output-producer role and preserves incomplete candidates
  ---
  duration_ms: 5213.445544
  type: 'test'
  ...
# Subtest: job read projections preserve the Java/OpenAPI record and fail closed on unmapped state/finality
ok 8 - job read projections preserve the Java/OpenAPI record and fail closed on unmapped state/finality
  ---
  duration_ms: 13097.887797
  type: 'test'
  ...
# Subtest: provider and recovery populations include exact local compute and unknown asynchronous operations
ok 9 - provider and recovery populations include exact local compute and unknown asynchronous operations
  ---
  duration_ms: 7170.195714
  type: 'test'
  ...
# Subtest: owner wire overlays close all 11 simulation pass leaves and 18 edit leaves
ok 10 - owner wire overlays close all 11 simulation pass leaves and 18 edit leaves
  ---
  duration_ms: 1849.729269
  type: 'test'
  ...
# Subtest: simulation passes reject cross-pass output, missing provenance and wrong source bindings
ok 11 - simulation passes reject cross-pass output, missing provenance and wrong source bindings
  ---
  duration_ms: 116.627871
  type: 'test'
  ...
# Subtest: edit leaves reject wrong operation parameters, unsupported media types and unbound source/output versions
ok 12 - edit leaves reject wrong operation parameters, unsupported media types and unbound source/output versions
  ---
  duration_ms: 96.621017
  type: 'test'
  ...
# Subtest: owner wire schemas reject invalid calendar dates, whitespace identifiers and undeclared formats
ok 13 - owner wire schemas reject invalid calendar dates, whitespace identifiers and undeclared formats
  ---
  duration_ms: 3.033283
  type: 'test'
  ...
# Subtest: quality crosswalk covers every leaf against all six dimensions and 16 metrics
ok 14 - quality crosswalk covers every leaf against all six dimensions and 16 metrics
  ---
  duration_ms: 204.452728
  type: 'test'
  ...
# Subtest: modality-specific applicability follows exact typed subjects and AV sync requires both modalities
ok 15 - modality-specific applicability follows exact typed subjects and AV sync requires both modalities
  ---
  duration_ms: 2.779587
  type: 'test'
  ...
# Subtest: intents, analysis/transcript evidence and conditional references cannot masquerade as produced media signals
ok 16 - intents, analysis/transcript evidence and conditional references cannot masquerade as produced media signals
  ---
  duration_ms: 0.733148
  type: 'test'
  ...
# Subtest: identity and domain applicability keep required authority and qualification gates explicit
ok 17 - identity and domain applicability keep required authority and qualification gates explicit
  ---
  duration_ms: 2.256183
  type: 'test'
  ...
# Subtest: all 448 canonical capability request and result schemas close against exact typed payload/scalar definitions
ok 18 - all 448 canonical capability request and result schemas close against exact typed payload/scalar definitions
  ---
  duration_ms: 19116.993439
  type: 'test'
  ...
# Subtest: all 101 input and 69 output type definitions are material, closed, and reject missing required evidence
ok 19 - all 101 input and 69 output type definitions are material, closed, and reject missing required evidence
  ---
  duration_ms: 966.823301
  type: 'test'
  ...
# Subtest: rational frame-rate limits use the exact BigInt validator and fail closed
ok 20 - rational frame-rate limits use the exact BigInt validator and fail closed
  ---
  duration_ms: 25.454225
  type: 'test'
  ...
# Subtest: all 14 existing-operation capability bindings resolve to their exact source-owned wire schemas
ok 21 - all 14 existing-operation capability bindings resolve to their exact source-owned wire schemas
  ---
  duration_ms: 1396.928674
  type: 'test'
  ...
1..21
# tests 21
# suites 0
# pass 21
# fail 0
# cancelled 0
# skipped 0
# todo 0
# duration_ms 47412.424203
