TAP version 13
# Subtest: all eleven simulation-pass leaves have distinct, operation-bound schemas and typed output shape
ok 1 - all eleven simulation-pass leaves have distinct, operation-bound schemas and typed output shape
  ---
  duration_ms: 865.678062
  type: 'test'
  ...
# Subtest: all eighteen edit leaves constrain operation kind, preservation, versions, outputs and cross-field identity
ok 2 - all eighteen edit leaves constrain operation kind, preservation, versions, outputs and cross-field identity
  ---
  duration_ms: 11348.562898
  type: 'test'
  ...
# Subtest: every declared NFR has one complete owner measurement method without implying observation or acceptance
ok 3 - every declared NFR has one complete owner measurement method without implying observation or acceptance
  ---
  duration_ms: 15551.099425
  type: 'test'
  ...
# Subtest: performance method binds all six proposed budgets while preserving unnamed environments as a gate
ok 4 - performance method binds all six proposed budgets while preserving unnamed environments as a gate
  ---
  duration_ms: 1.032276
  type: 'test'
  ...
# Subtest: missing method material and attempted qualification promotion fail validation
ok 5 - missing method material and attempted qualification promotion fail validation
  ---
  duration_ms: 3.453895
  type: 'test'
  ...
# Subtest: SLO and human/specialist methods remain gated on their real external evidence
ok 6 - SLO and human/specialist methods remain gated on their real external evidence
  ---
  duration_ms: 0.354195
  type: 'test'
  ...
# Subtest: owner wire overlays close all 11 simulation pass leaves and 18 edit leaves
ok 7 - owner wire overlays close all 11 simulation pass leaves and 18 edit leaves
  ---
  duration_ms: 1452.13891
  type: 'test'
  ...
# Subtest: simulation passes reject cross-pass output, missing provenance and wrong source bindings
ok 8 - simulation passes reject cross-pass output, missing provenance and wrong source bindings
  ---
  duration_ms: 51.494982
  type: 'test'
  ...
# Subtest: edit leaves reject wrong operation parameters, unsupported media types and unbound source/output versions
ok 9 - edit leaves reject wrong operation parameters, unsupported media types and unbound source/output versions
  ---
  duration_ms: 61.358361
  type: 'test'
  ...
# Subtest: owner wire schemas reject invalid calendar dates, whitespace identifiers and undeclared formats
ok 10 - owner wire schemas reject invalid calendar dates, whitespace identifiers and undeclared formats
  ---
  duration_ms: 2.471276
  type: 'test'
  ...
# Subtest: all 448 canonical capability request and result schemas close against exact typed payload/scalar definitions
ok 11 - all 448 canonical capability request and result schemas close against exact typed payload/scalar definitions
  ---
  duration_ms: 14478.444564
  type: 'test'
  ...
# Subtest: all 101 input and 69 output type definitions are material, closed, and reject missing required evidence
ok 12 - all 101 input and 69 output type definitions are material, closed, and reject missing required evidence
  ---
  duration_ms: 843.170695
  type: 'test'
  ...
# Subtest: rational frame-rate limits use the exact BigInt validator and fail closed
ok 13 - rational frame-rate limits use the exact BigInt validator and fail closed
  ---
  duration_ms: 21.506768
  type: 'test'
  ...
# Subtest: all 14 existing-operation capability bindings resolve to their exact source-owned wire schemas
ok 14 - all 14 existing-operation capability bindings resolve to their exact source-owned wire schemas
  ---
  duration_ms: 1287.465215
  type: 'test'
  ...
1..14
# tests 14
# suites 0
# pass 14
# fail 0
# cancelled 0
# skipped 0
# todo 0
# duration_ms 40636.023467
