TAP version 13
# Subtest: all 38 current object identities have explicit typed owner or source-observation dispositions
ok 1 - all 38 current object identities have explicit typed owner or source-observation dispositions
  ---
  duration_ms: 3.802591
  type: 'test'
  ...
# Subtest: named cross-entity relationships bind exact same-tenant typed references
ok 2 - named cross-entity relationships bind exact same-tenant typed references
  ---
  duration_ms: 0.737175
  type: 'test'
  ...
# Subtest: identity oracle rejects missing or caller-overridden tenant, malformed IDs, and same-tenant collisions
ok 3 - identity oracle rejects missing or caller-overridden tenant, malformed IDs, and same-tenant collisions
  ---
  duration_ms: 15.299269
  type: 'test'
  ...
# Subtest: shared subtype identity namespaces collide on the canonical ProcessingJob tuple
ok 4 - shared subtype identity namespaces collide on the canonical ProcessingJob tuple
  ---
  duration_ms: 0.850932
  type: 'test'
  ...
# Subtest: every canonical identity tuple has an executable typed positive and missing/malformed negative
ok 5 - every canonical identity tuple has an executable typed positive and missing/malformed negative
  ---
  duration_ms: 6.266183
  type: 'test'
  ...
# Subtest: version identity is independent from digest and lineage rejects cross-tenant, kind-mismatch, and cycles
ok 6 - version identity is independent from digest and lineage rejects cross-tenant, kind-mismatch, and cycles
  ---
  duration_ms: 2.050051
  type: 'test'
  ...
# Subtest: PDP-1 adjudicates exactly 38 product identities and retains legacy transcription as noncanonical evidence
ok 7 - PDP-1 adjudicates exactly 38 product identities and retains legacy transcription as noncanonical evidence
  ---
  duration_ms: 224.224284
  type: 'test'
  ...
# Subtest: all 146 action identities have a source-backed operation or non-operation disposition
ok 8 - all 146 action identities have a source-backed operation or non-operation disposition
  ---
  duration_ms: 8305.984681
  type: 'test'
  ...
# Subtest: P0-06 enumerates exact capability applicability without inventing a measured population
ok 9 - P0-06 enumerates exact capability applicability without inventing a measured population
  ---
  duration_ms: 13204.320485
  type: 'test'
  ...
1..9
# tests 9
# suites 0
# pass 9
# fail 0
# cancelled 0
# skipped 0
# todo 0
# duration_ms 21973.294822
