TAP version 13
# Subtest: source applicability validates the exact Cartesian population without admitting measurement
ok 1 - source applicability validates the exact Cartesian population without admitting measurement
  ---
  duration_ms: 3.456958
  type: 'test'
  ...
# Subtest: actual PDP-0 owner applicability source closes all pairs and exact binding projections
ok 2 - actual PDP-0 owner applicability source closes all pairs and exact binding projections
  ---
  duration_ms: 12075.914984
  type: 'test'
  ...
# Subtest: same-count substitution, duplicates and stale binding projections are rejected
ok 3 - same-count substitution, duplicates and stale binding projections are rejected
  ---
  duration_ms: 2.150946
  type: 'test'
  ...
# Subtest: unknown applicability, missing evidence and invented measurements remain errors
ok 4 - unknown applicability, missing evidence and invented measurements remain errors
  ---
  duration_ms: 1.745922
  type: 'test'
  ...
# Subtest: explicit applicability decision keeps missing output identity in scope without qualified measurements
ok 5 - explicit applicability decision keeps missing output identity in scope without qualified measurements
  ---
  duration_ms: 9.049631
  type: 'test'
  ...
# Subtest: trustworthy-output applicability follows output-producer role and preserves incomplete candidates
ok 6 - trustworthy-output applicability follows output-producer role and preserves incomplete candidates
  ---
  duration_ms: 12292.176662
  type: 'test'
  ...
# Subtest: job read projections preserve the Java/OpenAPI record and fail closed on unmapped state/finality
ok 7 - job read projections preserve the Java/OpenAPI record and fail closed on unmapped state/finality
  ---
  duration_ms: 23031.216943
  type: 'test'
  ...
# Subtest: provider and recovery populations include exact local compute and unknown asynchronous operations
ok 8 - provider and recovery populations include exact local compute and unknown asynchronous operations
  ---
  duration_ms: 15431.402105
  type: 'test'
  ...
1..8
# tests 8
# suites 0
# pass 8
# fail 0
# cancelled 0
# skipped 0
# todo 0
# duration_ms 51154.546067
