TAP version 13
# Subtest: rights observations bind exact decision kind, subject/purpose/use/region/retention, authority version and validity
ok 1 - rights observations bind exact decision kind, subject/purpose/use/region/retention, authority version and validity
  ---
  duration_ms: 181.600128
  type: 'test'
  ...
# Subtest: remaining rights labels bind exact rights, voice, approval and expiry dispositions
ok 2 - remaining rights labels bind exact rights, voice, approval and expiry dispositions
  ---
  duration_ms: 1.98383
  type: 'test'
  ...
# Subtest: quality observations derive a condition only from exact subject, requested metric and versioned method tuple
ok 3 - quality observations derive a condition only from exact subject, requested metric and versioned method tuple
  ---
  duration_ms: 75.678268
  type: 'test'
  ...
# Subtest: profile qualification requires exact profile/version/target/domain/provider/scope and current evidence window
ok 4 - profile qualification requires exact profile/version/target/domain/provider/scope and current evidence window
  ---
  duration_ms: 50.890571
  type: 'test'
  ...
# Subtest: unqualified profile labels require exact profile-version, target, domain, provider and scope tuples
ok 5 - unqualified profile labels require exact profile-version, target, domain, provider and scope tuples
  ---
  duration_ms: 1.825864
  type: 'test'
  ...
# Subtest: dubbing timing and synchronization labels use the exact AV-sync metric and never infer a failed measurement
ok 6 - dubbing timing and synchronization labels use the exact AV-sync metric and never infer a failed measurement
  ---
  duration_ms: 2.061402
  type: 'test'
  ...
# Subtest: declared options bind the exact requested declaration tuple and keep compatibility separate
ok 7 - declared options bind the exact requested declaration tuple and keep compatibility separate
  ---
  duration_ms: 15.179544
  type: 'test'
  ...
# Subtest: quality recommendation and repair-plan labels use complete exact-scope assessment records only
ok 8 - quality recommendation and repair-plan labels use complete exact-scope assessment records only
  ---
  duration_ms: 105.6019
  type: 'test'
  ...
# Subtest: language uncertainty is versioned and method-evidenced without a numeric confidence threshold
ok 9 - language uncertainty is versioned and method-evidenced without a numeric confidence threshold
  ---
  duration_ms: 76.787561
  type: 'test'
  ...
# Subtest: provenance observations bind requested relation coverage and exact subject version without inferring global completeness
ok 10 - provenance observations bind requested relation coverage and exact subject version without inferring global completeness
  ---
  duration_ms: 58.659693
  type: 'test'
  ...
# Subtest: all 47 view definitions enumerate every source label without treating a label or source pointer as evidence
ok 11 - all 47 view definitions enumerate every source label without treating a label or source pointer as evidence
  ---
  duration_ms: 17.810186
  type: 'test'
  ...
# Subtest: no view-label enum is treated as an observation schema; unsupported fact families fail closed
ok 12 - no view-label enum is treated as an observation schema; unsupported fact families fail closed
  ---
  duration_ms: 0.687211
  type: 'test'
  ...
# Subtest: project list labels derive from a fresh trusted query result, not a label or self-asserted currentness
ok 13 - project list labels derive from a fresh trusted query result, not a label or self-asserted currentness
  ---
  duration_ms: 121.475852
  type: 'test'
  ...
# Subtest: in-flight labels derive only from a fresh exact local request tuple and never assert remote finality
ok 14 - in-flight labels derive only from a fresh exact local request tuple and never assert remote finality
  ---
  duration_ms: 6.464465
  type: 'test'
  ...
# Subtest: all 27 in-flight labels bind pending observations to a source action-operation tuple
ok 15 - all 27 in-flight labels bind pending observations to a source action-operation tuple
  ---
  duration_ms: 4.123382
  type: 'test'
  ...
# Subtest: offline labels derive from fresh exact client-local availability signals, not remote state
ok 16 - offline labels derive from fresh exact client-local availability signals, not remote state
  ---
  duration_ms: 6.728498
  type: 'test'
  ...
# Subtest: stale labels compare an exact object/version snapshot against trusted currentness and age policy
ok 17 - stale labels compare an exact object/version snapshot against trusted currentness and age policy
  ---
  duration_ms: 7.056771
  type: 'test'
  ...
# Subtest: query predicates fail closed on absent scope, stale reads, incomplete empty pages, malformed facts, or wrong source
ok 18 - query predicates fail closed on absent scope, stale reads, incomplete empty pages, malformed facts, or wrong source
  ---
  duration_ms: 1.016197
  type: 'test'
  ...
# Subtest: labels whose current owner query schema cannot support a state remain explicitly unsupported
ok 19 - labels whose current owner query schema cannot support a state remain explicitly unsupported
  ---
  duration_ms: 1.059221
  type: 'test'
  ...
# Subtest: artifact lifecycle predicates bind the exact proposed read model, immutable version, evidence and currentness
ok 20 - artifact lifecycle predicates bind the exact proposed read model, immutable version, evidence and currentness
  ---
  duration_ms: 5.853823
  type: 'test'
  ...
# Subtest: stored job observations bind exact owner read scope and map only OUTCOME_UNKNOWN
ok 21 - stored job observations bind exact owner read scope and map only OUTCOME_UNKNOWN
  ---
  duration_ms: 5.411495
  type: 'test'
  ...
# Subtest: local draft observations compare exact current snapshot and base across every typed draft label
ok 22 - local draft observations compare exact current snapshot and base across every typed draft label
  ---
  duration_ms: 46.307323
  type: 'test'
  ...
# Subtest: all unknown-outcome labels bind exact action-operation tuples to local loss-of-response facts only
ok 23 - all unknown-outcome labels bind exact action-operation tuples to local loss-of-response facts only
  ---
  duration_ms: 18.515562
  type: 'test'
  ...
# Subtest: all raw observation records accept exact current query/read tuples only
ok 24 - all raw observation records accept exact current query/read tuples only
  ---
  duration_ms: 562.84728
  type: 'test'
  ...
# Subtest: quality action-plan read binds nested assessment identity, requested kinds and ready controls
ok 25 - quality action-plan read binds nested assessment identity, requested kinds and ready controls
  ---
  duration_ms: 3.566173
  type: 'test'
  ...
# Subtest: seven observation schemas are stable typed query definitions and never imply runtime binding
ok 26 - seven observation schemas are stable typed query definitions and never imply runtime binding
  ---
  duration_ms: 6.010509
  type: 'test'
  ...
# Subtest: raw rights, quality, profile and provenance observations retain their fail-closed material predicates
ok 27 - raw rights, quality, profile and provenance observations retain their fail-closed material predicates
  ---
  duration_ms: 0.985639
  type: 'test'
  ...
# Subtest: new declared-options and quality-plan queries have explicit positive and negative branches
ok 28 - new declared-options and quality-plan queries have explicit positive and negative branches
  ---
  duration_ms: 0.957145
  type: 'test'
  ...
1..28
# tests 28
# suites 0
# pass 28
# fail 0
# cancelled 0
# skipped 0
# todo 0
# duration_ms 24908.350205
