TAP version 13
# Subtest: PDP overview pages link current authority, acceptance, and source inventory records
ok 1 - PDP overview pages link current authority, acceptance, and source inventory records
  ---
  duration_ms: 1.372285
  type: 'test'
  ...
# Subtest: PDP overview blocker summaries match generated candidate projections
ok 2 - PDP overview blocker summaries match generated candidate projections
  ---
  duration_ms: 1.317554
  type: 'test'
  ...
# Subtest: PDP overview docs keep phase prerequisites and independent/external gates explicit
ok 3 - PDP overview docs keep phase prerequisites and independent/external gates explicit
  ---
  duration_ms: 0.30487
  type: 'test'
  ...
# Subtest: PDP-3 overview preserves historical PXD-028 and current PXD-037 composition-link decisions
ok 4 - PDP-3 overview preserves historical PXD-028 and current PXD-037 composition-link decisions
  ---
  duration_ms: 0.347119
  type: 'test'
  ...
1..4
# tests 4
# suites 0
# pass 4
# fail 0
# cancelled 0
# skipped 0
# todo 0
# duration_ms 107.060864
