TAP version 13
# Subtest: PDP-0 projects only the exact resolved P0-04 user intent actor and priority decisions
ok 1 - PDP-0 projects only the exact resolved P0-04 user intent actor and priority decisions
  ---
  duration_ms: 4.113815
  type: 'test'
  ...
# Subtest: PDP-0 preserves exact collaborator actor lists and only resolved initiating actors
ok 2 - PDP-0 preserves exact collaborator actor lists and only resolved initiating actors
  ---
  duration_ms: 2.215231
  type: 'test'
  ...
# Subtest: PDP-0 requirement trace targets are limited to resolvable intents and unresolved targets stay in the review
ok 3 - PDP-0 requirement trace targets are limited to resolvable intents and unresolved targets stay in the review
  ---
  duration_ms: 0.970228
  type: 'test'
  ...
# Subtest: P0-04 owner intent decisions are auditable and preserve collaborative actor references
ok 4 - P0-04 owner intent decisions are auditable and preserve collaborative actor references
  ---
  duration_ms: 2596.347278
  type: 'test'
  ...
# Subtest: P0-04 journey actors and requirement intent targets remain source-bound
ok 5 - P0-04 journey actors and requirement intent targets remain source-bound
  ---
  duration_ms: 2325.583706
  type: 'test'
  ...
1..5
# tests 5
# suites 0
# pass 5
# fail 0
# cancelled 0
# skipped 0
# todo 0
# duration_ms 5220.139154
