TAP version 13
# Subtest: technical descriptors require all slots while unknown metadata cannot satisfy a profile
ok 1 - technical descriptors require all slots while unknown metadata cannot satisfy a profile
  ---
  duration_ms: 170.601275
  type: 'test'
  ...
# Subtest: audio metadata separates sample truth, encoder delay and output-specific profiles
ok 2 - audio metadata separates sample truth, encoder delay and output-specific profiles
  ---
  duration_ms: 77.128272
  type: 'test'
  ...
# Subtest: VFR mapping preserves exact presentation/decode times and never guesses duration from rate
ok 3 - VFR mapping preserves exact presentation/decode times and never guesses duration from rate
  ---
  duration_ms: 1.104031
  type: 'test'
  ...
# Subtest: display aspect includes pixel aspect and rejects unsupported preservation or unknown permission
ok 4 - display aspect includes pixel aspect and rejects unsupported preservation or unknown permission
  ---
  duration_ms: 0.48226
  type: 'test'
  ...
# Subtest: simulation and replay contracts cannot equate scene appearance with physics or scientific qualification
ok 5 - simulation and replay contracts cannot equate scene appearance with physics or scientific qualification
  ---
  duration_ms: 202.248793
  type: 'test'
  ...
# Subtest: executable conversion limits bind to the exact owner profile, with no wire or scientific admission
ok 6 - executable conversion limits bind to the exact owner profile, with no wire or scientific admission
  ---
  duration_ms: 153.731556
  type: 'test'
  ...
# Subtest: rational media time converts exactly without long-duration floating point drift
ok 7 - rational media time converts exactly without long-duration floating point drift
  ---
  duration_ms: 1.403036
  type: 'test'
  ...
# Subtest: 29.97 rational frame boundaries preserve exact 30000/1001 cadence
ok 8 - 29.97 rational frame boundaries preserve exact 30000/1001 cadence
  ---
  duration_ms: 0.385292
  type: 'test'
  ...
# Subtest: 24000/1001 cadence is never silently reinterpreted as an equal 24 fps frame count
ok 9 - 24000/1001 cadence is never silently reinterpreted as an equal 24 fps frame count
  ---
  duration_ms: 0.91747
  type: 'test'
  ...
# Subtest: inexact conversion requires a selected rounding method and reports exact signed loss
ok 10 - inexact conversion requires a selected rounding method and reports exact signed loss
  ---
  duration_ms: 2.988351
  type: 'test'
  ...
# Subtest: unknown clocks, implicit legacy fps/seconds and integer overflow fail closed
ok 11 - unknown clocks, implicit legacy fps/seconds and integer overflow fail closed
  ---
  duration_ms: 0.931309
  type: 'test'
  ...
# Subtest: sample conversion distinguishes an end boundary from a valid sample and retains priming separation
ok 12 - sample conversion distinguishes an end boundary from a valid sample and retains priming separation
  ---
  duration_ms: 0.895118
  type: 'test'
  ...
# Subtest: pixel boundary conversions round trip exactly and reject stale, ambiguous or out-of-bounds geometry
ok 13 - pixel boundary conversions round trip exactly and reject stale, ambiguous or out-of-bounds geometry
  ---
  duration_ms: 1.286113
  type: 'test'
  ...
# Subtest: physical unit conversion preserves dimension and exact decimal ratios without scientific qualification
ok 14 - physical unit conversion preserves dimension and exact decimal ratios without scientific qualification
  ---
  duration_ms: 1.024373
  type: 'test'
  ...
# Subtest: pixel centers retain their exact half-pixel offset and cannot be silently exchanged with boundaries
ok 15 - pixel centers retain their exact half-pixel offset and cannot be silently exchanged with boundaries
  ---
  duration_ms: 1.720201
  type: 'test'
  ...
1..15
# tests 15
# suites 0
# pass 15
# fail 0
# cancelled 0
# skipped 0
# todo 0
# duration_ms 736.157144
