TAP version 13
# Subtest: PDP-1 adjudicates exactly 38 product identities and retains legacy transcription as noncanonical evidence
ok 1 - PDP-1 adjudicates exactly 38 product identities and retains legacy transcription as noncanonical evidence
  ---
  duration_ms: 355.815019
  type: 'test'
  ...
# Subtest: PDP-1 state meanings and transitions preserve all source dimensions, guards, and endpoints
ok 2 - PDP-1 state meanings and transitions preserve all source dimensions, guards, and endpoints
  ---
  duration_ms: 469.14586
  type: 'test'
  ...
# Subtest: all 146 action identities have a source-backed operation or non-operation disposition
ok 3 - all 146 action identities have a source-backed operation or non-operation disposition
  ---
  duration_ms: 27038.618321
  type: 'test'
  ...
# Subtest: P0 exact capability-to-operation decisions resolve only fully classified action slices
ok 4 - P0 exact capability-to-operation decisions resolve only fully classified action slices
  ---
  duration_ms: 25556.217425
  type: 'test'
  ...
# Subtest: P0 defines every capability leaf with exact typed operations, bounds, and honest admission dimensions
ok 5 - P0 defines every capability leaf with exact typed operations, bounds, and honest admission dimensions
  ---
  duration_ms: 25459.341188
  type: 'test'
  ...
# Subtest: P0 assigns every capability leaf explicit channel applicability without treating proposals as admission
ok 6 - P0 assigns every capability leaf explicit channel applicability without treating proposals as admission
  ---
  duration_ms: 9606.072099
  type: 'test'
  ...
# Subtest: P1-08 distinguishes nine durable event definitions from fifteen local notifications
ok 7 - P1-08 distinguishes nine durable event definitions from fifteen local notifications
  ---
  duration_ms: 148.235592
  type: 'test'
  ...
# Subtest: P0-06 enumerates exact capability applicability without inventing a measured population
ok 8 - P0-06 enumerates exact capability applicability without inventing a measured population
  ---
  duration_ms: 23058.63905
  type: 'test'
  ...
# Subtest: P0 capability schemas use closed typed payloads, scalar validators, and the exact flat request envelope
ok 9 - P0 capability schemas use closed typed payloads, scalar validators, and the exact flat request envelope
  ---
  duration_ms: 11626.972331
  type: 'test'
  ...
# Subtest: P0 canonical capability request schemas accept typed inputs and reject malformed or over-posted requests
ok 10 - P0 canonical capability request schemas accept typed inputs and reject malformed or over-posted requests
  ---
  duration_ms: 10340.517255
  type: 'test'
  ...
# Subtest: P1-10 owner boundaries fail closed while leaving enforcement and qualification unclaimed
ok 11 - P1-10 owner boundaries fail closed while leaving enforcement and qualification unclaimed
  ---
  duration_ms: 17.52873
  type: 'test'
  ...
# Subtest: P0 model acquisition and reuse policy separates package licenses from model and asset terms
ok 12 - P0 model acquisition and reuse policy separates package licenses from model and asset terms
  ---
  duration_ms: 45.067947
  type: 'test'
  ...
# Subtest: P0 channel and dependency update semantics define bounded CLI and promotion rules without admission
ok 13 - P0 channel and dependency update semantics define bounded CLI and promotion rules without admission
  ---
  duration_ms: 43.037441
  type: 'test'
  ...
1..13
# tests 13
# suites 0
# pass 13
# fail 0
# cancelled 0
# skipped 0
# todo 0
# duration_ms 134328.97839
