TAP version 13
# Subtest: PDP-2 disclosure density mapping follows the selected simple/guided/expert taxonomy
ok 1 - PDP-2 disclosure density mapping follows the selected simple/guided/expert taxonomy
  ---
  duration_ms: 3.116125
  type: 'test'
  ...
# Subtest: PDP-2 recovery and accessibility projections preserve their authored scope
ok 2 - PDP-2 recovery and accessibility projections preserve their authored scope
  ---
  duration_ms: 0.6885
  type: 'test'
  ...
# Subtest: PDP-2 projects exact owner-approved recipe identities while admission stays pending
ok 3 - PDP-2 projects exact owner-approved recipe identities while admission stays pending
  ---
  duration_ms: 0.48166
  type: 'test'
  ...
# Subtest: Tools public ExperienceLanguage validator accepts the current candidate using Media source registries
ok 4 - Tools public ExperienceLanguage validator accepts the current candidate using Media source registries
  ---
  duration_ms: 18.708493
  type: 'test'
  ...
# Subtest: Tools public ExperienceLanguage validator rejects duplicate recipe-binding identities
ok 5 - Tools public ExperienceLanguage validator rejects duplicate recipe-binding identities
  ---
  duration_ms: 1.933009
  type: 'test'
  ...
# Subtest: Tools public ExperienceLanguage validator rejects an unregistered recipe reference
ok 6 - Tools public ExperienceLanguage validator rejects an unregistered recipe reference
  ---
  duration_ms: 1.513097
  type: 'test'
  ...
1..6
# tests 6
# suites 0
# pass 6
# fail 0
# cancelled 0
# skipped 0
# todo 0
# duration_ms 1479.391493
