TAP version 13
# Subtest: all 47 selected screen compositions resolve central patterns, layouts, components, actions, and responsive grammar
ok 1 - all 47 selected screen compositions resolve central patterns, layouts, components, actions, and responsive grammar
  ---
  duration_ms: 130.954155
  type: 'test'
  ...
# Subtest: the reusable composition validator is part of actual source validation and enforces reciprocal catalogs
ok 2 - the reusable composition validator is part of actual source validation and enforces reciprocal catalogs
  ---
  duration_ms: 1601.94009
  type: 'test'
  ...
# Subtest: owner-defined PDP-3 actions participate in actual composition reference resolution
ok 3 - owner-defined PDP-3 actions participate in actual composition reference resolution
  ---
  duration_ms: 284.217774
  type: 'test'
  ...
# Subtest: composition validation rejects stale patterns, missing keyboard semantics, and local responsive overrides
ok 4 - composition validation rejects stale patterns, missing keyboard semantics, and local responsive overrides
  ---
  duration_ms: 61.434123
  type: 'test'
  ...
# Subtest: every uncertain action retains a template-level unknown-finality recovery pattern
ok 5 - every uncertain action retains a template-level unknown-finality recovery pattern
  ---
  duration_ms: 211.275211
  type: 'test'
  ...
# Subtest: central layout and accessibility rules retain critical facts at every density and color mode
ok 6 - central layout and accessibility rules retain critical facts at every density and color mode
  ---
  duration_ms: 15.334304
  type: 'test'
  ...
1..6
# tests 6
# suites 0
# pass 6
# fail 0
# cancelled 0
# skipped 0
# todo 0
# duration_ms 3247.798897
