TAP version 13
# Subtest: PDP-3 typed action semantics project only exact owner definitions
ok 1 - PDP-3 typed action semantics project only exact owner definitions
  ---
  duration_ms: 5.875763
  type: 'test'
  ...
# Subtest: PDP-3 typed action mapping rejects stale decision, effect, role, and operation identities
ok 2 - PDP-3 typed action mapping rejects stale decision, effect, role, and operation identities
  ---
  duration_ms: 26.80778
  type: 'test'
  ...
1..2
# tests 2
# suites 0
# pass 2
# fail 0
# cancelled 0
# skipped 0
# todo 0
# duration_ms 715.453494
